// Jest Snapshot v1, https://goo.gl/fbAQLP

exports[`<AccordionWithHeader /> renders correctly 1`] = `
<div
  className="accordion-with-header-root"
  style={
    Object {
      "borderRadius": 3,
      "boxShadow": "0 0 0 1px rgba(63,63,68,.05), 0 1px 3px 0 rgba(63,63,68,.15)",
    }
  }
>
  <div
    className="accordion-node"
    style={Object {}}
  >
    <div
      className="accordion-header"
      onClick={[Function]}
      style={
        Object {
          "alignItems": "center",
          "borderRadius": 3,
          "boxShadow": "rgba(0, 0, 0, 0.05) 0px 0px 0px 1px, rgba(0, 0, 0, 0.05) 1px 1px 0px 0px",
          "color": "inherit",
          "cursor": "pointer",
          "display": "flex",
          "flexDirection": "row",
          "justifyContent": "space-around",
          "padding": 10,
        }
      }
    >
      <h2>
        Some title!
      </h2>
    </div>
    <div
      className="accordion-panel"
      style={
        Object {
          "borderRadius": 3,
          "boxShadow": "rgba(0, 0, 0, 0.05) 0px 0px 0px 1px, rgba(0, 0, 0, 0.05) 1px 1px 0px 0px",
          "maxHeight": 0,
          "opacity": 0,
          "overflow": "hidden",
          "padding": 0,
          "transition": "all 250ms ease-in-out",
        }
      }
    >
      <div
        className="acc-ref-0"
      >
        <section>
          Interesting things...
        </section>
      </div>
    </div>
  </div>
  <div
    className="accordion-node"
    style={Object {}}
  >
    <div
      className="accordion-header"
      onClick={[Function]}
      style={
        Object {
          "alignItems": "center",
          "borderRadius": 3,
          "boxShadow": "rgba(0, 0, 0, 0.05) 0px 0px 0px 1px, rgba(0, 0, 0, 0.05) 1px 1px 0px 0px",
          "color": "inherit",
          "cursor": "pointer",
          "display": "flex",
          "flexDirection": "row",
          "justifyContent": "space-around",
          "padding": 10,
        }
      }
    >
      <h2>
        Some title!
      </h2>
    </div>
    <div
      className="accordion-panel"
      style={
        Object {
          "borderRadius": 3,
          "boxShadow": "rgba(0, 0, 0, 0.05) 0px 0px 0px 1px, rgba(0, 0, 0, 0.05) 1px 1px 0px 0px",
          "maxHeight": 0,
          "opacity": 0,
          "overflow": "hidden",
          "padding": 0,
          "transition": "all 250ms ease-in-out",
        }
      }
    >
      <div
        className="acc-ref-0"
      >
        <section>
          Interesting things...
        </section>
      </div>
    </div>
  </div>
  <div
    className="accordion-node"
    style={Object {}}
  >
    <div
      className="accordion-header"
      onClick={[Function]}
      style={
        Object {
          "alignItems": "center",
          "borderRadius": 3,
          "boxShadow": "rgba(0, 0, 0, 0.05) 0px 0px 0px 1px, rgba(0, 0, 0, 0.05) 1px 1px 0px 0px",
          "color": "inherit",
          "cursor": "pointer",
          "display": "flex",
          "flexDirection": "row",
          "justifyContent": "space-around",
          "padding": 10,
        }
      }
    >
      <h2>
        Some title!
      </h2>
    </div>
    <div
      className="accordion-panel"
      style={
        Object {
          "borderRadius": 3,
          "boxShadow": "rgba(0, 0, 0, 0.05) 0px 0px 0px 1px, rgba(0, 0, 0, 0.05) 1px 1px 0px 0px",
          "maxHeight": 0,
          "opacity": 0,
          "overflow": "hidden",
          "padding": 0,
          "transition": "all 250ms ease-in-out",
        }
      }
    >
      <div
        className="acc-ref-0"
      >
        <section>
          Interesting things...
        </section>
      </div>
    </div>
  </div>
  <div
    className="accordion-node"
    style={Object {}}
  >
    <div
      className="accordion-header"
      onClick={[Function]}
      style={
        Object {
          "alignItems": "center",
          "borderRadius": 3,
          "boxShadow": "rgba(0, 0, 0, 0.05) 0px 0px 0px 1px, rgba(0, 0, 0, 0.05) 1px 1px 0px 0px",
          "color": "inherit",
          "cursor": "pointer",
          "display": "flex",
          "flexDirection": "row",
          "justifyContent": "space-around",
          "padding": 10,
        }
      }
    >
      <h2>
        Some title!
      </h2>
    </div>
    <div
      className="accordion-panel"
      style={
        Object {
          "borderRadius": 3,
          "boxShadow": "rgba(0, 0, 0, 0.05) 0px 0px 0px 1px, rgba(0, 0, 0, 0.05) 1px 1px 0px 0px",
          "maxHeight": 0,
          "opacity": 0,
          "overflow": "hidden",
          "padding": 0,
          "transition": "all 250ms ease-in-out",
        }
      }
    >
      <div
        className="acc-ref-0"
      >
        <section>
          Interesting things...
        </section>
      </div>
    </div>
  </div>
</div>
`;
